[INFO] Scanning for projects...
[INFO] 
[INFO] ------------------------< com.fluento:backend >-------------------------
[INFO] Building fluento-backend 0.0.1-SNAPSHOT
[INFO]   from pom.xml
[INFO] --------------------------------[ jar ]---------------------------------
[INFO] 
[INFO] --- clean:3.5.0:clean (default-clean) @ backend ---
[INFO] Deleting /Users/madhavsinghal/code/fluento/backend/target
[INFO] 
[INFO] >>> spring-boot:4.0.5:run (default-cli) > test-compile @ backend >>>
[INFO] 
[INFO] --- resources:3.3.1:resources (default-resources) @ backend ---
[INFO] Copying 1 resource from src/main/resources to target/classes
[INFO] Copying 0 resource from src/main/resources to target/classes
[INFO] 
[INFO] --- compiler:3.14.1:compile (default-compile) @ backend ---
[INFO] Recompiling the module because of changed source code.
[INFO] Compiling 34 source files with javac [debug parameters release 21] to target/classes
WARNING: A terminally deprecated method in sun.misc.Unsafe has been called
WARNING: sun.misc.Unsafe::objectFieldOffset has been called by lombok.permit.Permit
WARNING: Please consider reporting this to the maintainers of class lombok.permit.Permit
WARNING: sun.misc.Unsafe::objectFieldOffset will be removed in a future release
[WARNING] /Users/madhavsinghal/code/fluento/backend/src/main/java/com/fluento/backend/dto/ClassroomRoom.java:[27,17] @Builder will ignore the initializing expression entirely. If you want the initializing expression to serve as default, add @Builder.Default. If it is not supposed to be settable during building, make the field final.
[INFO] /Users/madhavsinghal/code/fluento/backend/src/main/java/com/fluento/backend/service/QuizService.java: Some input files use unchecked or unsafe operations.
[INFO] /Users/madhavsinghal/code/fluento/backend/src/main/java/com/fluento/backend/service/QuizService.java: Recompile with -Xlint:unchecked for details.
[INFO] 
[INFO] --- resources:3.3.1:testResources (default-testResources) @ backend ---
[INFO] skip non existing resourceDirectory /Users/madhavsinghal/code/fluento/backend/src/test/resources
[INFO] 
[INFO] --- compiler:3.14.1:testCompile (default-testCompile) @ backend ---
[INFO] Recompiling the module because of changed dependency.
[INFO] Compiling 1 source file with javac [debug parameters release 21] to target/test-classes
[INFO] 
[INFO] <<< spring-boot:4.0.5:run (default-cli) < test-compile @ backend <<<
[INFO] 
[INFO] 
[INFO] --- spring-boot:4.0.5:run (default-cli) @ backend ---
[INFO] Attaching agents: []

  .   ____          _            __ _ _
 /\\ / ___'_ __ _ _(_)_ __  __ _ \ \ \ \
( ( )\___ | '_ | '_| | '_ \/ _` | \ \ \ \
 \\/  ___)| |_)| | | | | || (_| |  ) ) ) )
  '  |____| .__|_| |_|_| |_\__, | / / / /
 =========|_|==============|___/=/_/_/_/

 :: Spring Boot ::                (v4.0.5)

2026-04-01T20:35:24.574+05:30  INFO 12204 --- [fluento-backend] [  restartedMain] c.f.backend.FluentoBackendApplication    : Starting FluentoBackendApplication using Java 25.0.2 with PID 12204 (/Users/madhavsinghal/code/fluento/backend/target/classes started by madhavsinghal in /Users/madhavsinghal/code/fluento/backend)
2026-04-01T20:35:24.574+05:30 DEBUG 12204 --- [fluento-backend] [  restartedMain] c.f.backend.FluentoBackendApplication    : Running with Spring Boot v4.0.5, Spring v7.0.6
2026-04-01T20:35:24.574+05:30  INFO 12204 --- [fluento-backend] [  restartedMain] c.f.backend.FluentoBackendApplication    : No active profile set, falling back to 1 default profile: "default"
2026-04-01T20:35:24.592+05:30  INFO 12204 --- [fluento-backend] [  restartedMain] .e.DevToolsPropertyDefaultsPostProcessor : Devtools property defaults active! Set 'spring.devtools.add-properties' to 'false' to disable
2026-04-01T20:35:24.592+05:30  INFO 12204 --- [fluento-backend] [  restartedMain] .e.DevToolsPropertyDefaultsPostProcessor : For additional web related logging consider setting the 'logging.level.web' property to 'DEBUG'
2026-04-01T20:35:24.785+05:30  INFO 12204 --- [fluento-backend] [  restartedMain] .s.d.r.c.RepositoryConfigurationDelegate : Bootstrapping Spring Data JPA repositories in DEFAULT mode.
2026-04-01T20:35:24.800+05:30  INFO 12204 --- [fluento-backend] [  restartedMain] .s.d.r.c.RepositoryConfigurationDelegate : Finished Spring Data repository scanning in 13 ms. Found 1 JPA repository interface.
2026-04-01T20:35:24.951+05:30  INFO 12204 --- [fluento-backend] [  restartedMain] o.s.boot.tomcat.TomcatWebServer          : Tomcat initialized with port 8080 (http)
2026-04-01T20:35:24.955+05:30  INFO 12204 --- [fluento-backend] [  restartedMain] o.apache.catalina.core.StandardService   : Starting service [Tomcat]
2026-04-01T20:35:24.955+05:30  INFO 12204 --- [fluento-backend] [  restartedMain] o.apache.catalina.core.StandardEngine    : Starting Servlet engine: [Apache Tomcat/11.0.20]
2026-04-01T20:35:24.964+05:30  INFO 12204 --- [fluento-backend] [  restartedMain] b.w.c.s.WebApplicationContextInitializer : Root WebApplicationContext: initialization completed in 372 ms
2026-04-01T20:35:25.008+05:30  INFO 12204 --- [fluento-backend] [  restartedMain] org.hibernate.orm.jpa                    : HHH008540: Processing PersistenceUnitInfo [name: default]
2026-04-01T20:35:25.023+05:30  INFO 12204 --- [fluento-backend] [  restartedMain] org.hibernate.orm.core                   : HHH000001: Hibernate ORM core version 7.2.7.Final
2026-04-01T20:35:25.152+05:30  INFO 12204 --- [fluento-backend] [  restartedMain] o.s.o.j.p.SpringPersistenceUnitInfo      : No LoadTimeWeaver setup: ignoring JPA class transformer
2026-04-01T20:35:25.161+05:30  INFO 12204 --- [fluento-backend] [  restartedMain] com.zaxxer.hikari.HikariDataSource       : HikariPool-1 - Starting...
2026-04-01T20:35:25.211+05:30  INFO 12204 --- [fluento-backend] [  restartedMain] com.zaxxer.hikari.pool.HikariPool        : HikariPool-1 - Added connection conn0: url=jdbc:h2:mem:fluentodb user=SA
2026-04-01T20:35:25.211+05:30  INFO 12204 --- [fluento-backend] [  restartedMain] com.zaxxer.hikari.HikariDataSource       : HikariPool-1 - Start completed.
2026-04-01T20:35:25.228+05:30  INFO 12204 --- [fluento-backend] [  restartedMain] org.hibernate.orm.connections.pooling    : HHH10001005: Database info:
	Database JDBC URL [jdbc:h2:mem:fluentodb]
	Database driver: H2 JDBC Driver
	Database dialect: H2Dialect
	Database version: 2.4.240
	Default catalog/schema: FLUENTODB/PUBLIC
	Autocommit mode: undefined/unknown
	Isolation level: READ_COMMITTED [default READ_COMMITTED]
	JDBC fetch size: 100
	Pool: DataSourceConnectionProvider
	Minimum pool size: undefined/unknown
	Maximum pool size: undefined/unknown
2026-04-01T20:35:25.522+05:30  INFO 12204 --- [fluento-backend] [  restartedMain] org.hibernate.orm.core                   : HHH000489: No JTA platform available (set 'hibernate.transaction.jta.platform' to enable JTA platform integration)
2026-04-01T20:35:25.541+05:30  INFO 12204 --- [fluento-backend] [  restartedMain] j.LocalContainerEntityManagerFactoryBean : Initialized JPA EntityManagerFactory for persistence unit 'default'
2026-04-01T20:35:25.567+05:30  INFO 12204 --- [fluento-backend] [  restartedMain] o.s.d.j.r.query.QueryEnhancerFactories   : Hibernate is in classpath; If applicable, HQL parser will be used.
2026-04-01T20:35:25.724+05:30  WARN 12204 --- [fluento-backend] [  restartedMain] JpaBaseConfiguration$JpaWebConfiguration : spring.jpa.open-in-view is enabled by default. Therefore, database queries may be performed during view rendering. Explicitly configure spring.jpa.open-in-view to disable this warning
2026-04-01T20:35:25.825+05:30  INFO 12204 --- [fluento-backend] [  restartedMain] o.s.m.s.b.SimpleBrokerMessageHandler     : Starting...
2026-04-01T20:35:25.825+05:30  INFO 12204 --- [fluento-backend] [  restartedMain] o.s.m.s.b.SimpleBrokerMessageHandler     : BrokerAvailabilityEvent[available=true, SimpleBrokerMessageHandler [org.springframework.messaging.simp.broker.DefaultSubscriptionRegistry@f8c229d]]
2026-04-01T20:35:25.826+05:30  INFO 12204 --- [fluento-backend] [  restartedMain] o.s.m.s.b.SimpleBrokerMessageHandler     : Started.
2026-04-01T20:35:25.833+05:30  INFO 12204 --- [fluento-backend] [  restartedMain] o.s.boot.tomcat.TomcatWebServer          : Tomcat started on port 8080 (http) with context path '/'
2026-04-01T20:35:25.835+05:30  INFO 12204 --- [fluento-backend] [  restartedMain] c.f.backend.FluentoBackendApplication    : Started FluentoBackendApplication in 1.368 seconds (process running for 1.515)
2026-04-01T20:36:25.832+05:30  INFO 12204 --- [fluento-backend] [MessageBroker-1] o.s.w.s.c.WebSocketMessageBrokerStats    : WebSocketSession[0 current WS(0)-HttpStream(0)-HttpPoll(0), 0 total, 0 closed abnormally (0 connect failure, 0 send limit, 0 transport error)], stompSubProtocol[processed CONNECT(0)-CONNECTED(0)-DISCONNECT(0)], stompBrokerRelay[null], inboundChannel[pool size = 0, active threads = 0, queued tasks = 0, completed tasks = 0], outboundChannel[pool size = 0, active threads = 0, queued tasks = 0, completed tasks = 0], sockJsScheduler[pool size = 1, active threads = 1, queued tasks = 0, completed tasks = 0]
